<?xml version="1.0" encoding="UTF-8"?>
<testsuites name="jest tests" tests="1" failures="0" errors="0" time="3.618">
  <testsuite name="undefined" errors="0" failures="0" skipped="0" timestamp="2024-09-18T08:27:18" time="1.294" tests="1">
    <testcase classname=" Test des composants react" name=" Test des composants react" time="0.1">
    </testcase>
  </testsuite>
</testsuites>